============================= test session starts =============================
platform win32 -- Python 3.13.3, pytest-9.0.2, pluggy-1.6.0
rootdir: C:\Users\srimo\OneDrive\Desktop\Multi_Agent_Content_Generation_System
plugins: anyio-4.12.0, langsmith-0.5.1
collected 1 item

tests\test_agents.py F                                                   [100%]

================================== FAILURES ===================================
________________________ test_question_generator_loop _________________________

mock_product = ProductModel(name='Test Product', concentration='10%', skin_type=['All'], key_ingredients=['Water'], benefits=['Hydration'], how_to_use='Apply daily', side_effects='None', price=10.0, currency='USD')

    def test_question_generator_loop(mock_product):
        """
        Test that the generator effectively loops to get enough FAQs.
        """
        # Create the agent
>       agent = QuestionGeneratorAgent()
                ^^^^^^^^^^^^^^^^^^^^^^^^

tests\test_agents.py:27: 
_ _ _ _ _ _ _ _ _ _ _ _ _ _ _ _ _ _ _ _ _ _ _ _ _ _ _ _ _ _ _ _ _ _ _ _ _ _ _ _
src\agents\question_generator_agent.py:12: in __init__
    self.llm = ChatGoogleGenerativeAI(temperature=0.7, model="models/gemini-flash-latest")
               ^^^^^^^^^^^^^^^^^^^^^^^^^^^^^^^^^^^^^^^^^^^^^^^^^^^^^^^^^^^^^^^^^^^^^^^^^^^
..\..\..\AppData\Local\Programs\Python\Python313\Lib\site-packages\langchain_google_genai\chat_models.py:2263: in __init__
    super().__init__(**kwargs)
_ _ _ _ _ _ _ _ _ _ _ _ _ _ _ _ _ _ _ _ _ _ _ _ _ _ _ _ _ _ _ _ _ _ _ _ _ _ _ _

self = ChatGoogleGenerativeAI(model='models/gemini-flash-latest', default_metadata=(), model_kwargs={})
args = (), kwargs = {'model': 'models/gemini-flash-latest', 'temperature': 0.7}

    def __init__(self, *args: Any, **kwargs: Any) -> None:
        """"""  # noqa: D419  # Intentional blank docstring
>       super().__init__(*args, **kwargs)
E       pydantic_core._pydantic_core.ValidationError: 1 validation error for ChatGoogleGenerativeAI
E         Value error, API key required for Gemini Developer API. Provide api_key parameter or set GOOGLE_API_KEY/GEMINI_API_KEY environment variable. [type=value_error, input_value={'temperature': 0.7, 'mod...st', 'model_kwargs': {}}, input_type=dict]
E           For further information visit https://errors.pydantic.dev/2.12/v/value_error

..\..\..\AppData\Local\Programs\Python\Python313\Lib\site-packages\langchain_core\load\serializable.py:116: ValidationError
=========================== short test summary info ===========================
FAILED tests/test_agents.py::test_question_generator_loop - pydantic_core._py...
============================== 1 failed in 3.43s ==============================
